Microchip MPLAB XC8 Compiler V2.10 ()

Linker command line:

-W-3 --edf=/opt/microchip/xc8/v2.10/pic/dat/en_msgs.txt -cs \
  -h+dist/default/production/LOBO_16F628A.X.production.sym \
  --cmf=dist/default/production/LOBO_16F628A.X.production.cmf -z -Q16F628A \
  -o/tmp/xcX1S6IWf --defsym=__MPLAB_BUILD=1 \
  -Mdist/default/production/LOBO_16F628A.X.production.map -E1 -ver=XC8 \
  --acfsm=1493 -ASTACK=020h-06Fh -pstack=STACK -ACODE=00h-07FFh \
  -ASTRCODE=00h-07FFh -ASTRING=00h-0FFhx8 -ACONST=00h-0FFhx8 \
  -AENTRY=00h-0FFhx8 -ACOMMON=070h-07Fh -ABANK0=020h-06Fh -ABANK1=0A0h-0EFh \
  -ABANK2=0120h-014Fh -ARAM=020h-06Fh,0A0h-0EFh,0120h-014Fh \
  -AABS1=020h-07Fh,0A0h-0EFh,0120h-014Fh -ASFR0=00h-01Fh -ASFR1=080h-09Fh \
  -ASFR2=0100h-011Fh -ASFR3=0180h-01EFh \
  -preset_vec=00h,intentry,init,end_init -ppowerup=CODE -pcinit=CODE \
  -pfunctab=ENTRY -ACONFIG=02007h-02007h -pconfig=CONFIG -DCONFIG=2 \
  -AIDLOC=02000h-02003h -pidloc=IDLOC -DIDLOC=2 -AEEDATA=00h-07Fh/02100h \
  -peeprom_data=EEDATA -DEEDATA=2 -DCODE=2 -DSTRCODE=2 -DSTRING=2 -DCONST=2 \
  -DENTRY=2 -k /tmp/xcXtReuDT.o \
  dist/default/production/LOBO_16F628A.X.production.o 

Object code version is 3.11

Machine type is 16F628A



                Name                               Link     Load   Length Selector   Space Scale
/tmp/xcXtReuDT.o
                end_init                              0        0        1        0       0
dist/default/production/LOBO_16F628A.X.production.o
                cinit                               7FE      7FE        2      FFC       0
                text2                               7E1      7E1        E      FC2       0
                text1                               7D7      7D7        A      FAE       0
                maintext                            7EF      7EF        F      FDE       0
                cstackCOMMON                         70       70        4       70       1

TOTAL           Name                               Link     Load   Length     Space
        CLASS   STACK          

        CLASS   CODE           
                end_init                              0        0        1         0
                cinit                               7FE      7FE        2         0
                text2                               7E1      7E1        E         0
                text1                               7D7      7D7        A         0
                maintext                            7EF      7EF        F         0

        CLASS   STRCODE        

        CLASS   STRING         

        CLASS   CONST          

        CLASS   ENTRY          

        CLASS   COMMON         
                cstackCOMMON                         70       70        4         1

        CLASS   BANK0          

        CLASS   BANK1          

        CLASS   BANK2          

        CLASS   RAM            

        CLASS   ABS1           
                abs_s1                               7E       7E        2         1

        CLASS   SFR0           

        CLASS   SFR1           

        CLASS   SFR2           

        CLASS   SFR3           

        CLASS   CONFIG         

        CLASS   IDLOC          

        CLASS   EEDATA         

        CLASS   BANK3          



SEGMENTS        Name                           Load    Length   Top    Selector   Space  Class     Delta

                reset_vec                      000000  000001  000001         0       0  CODE        2
                cstackCOMMON                   000070  000004  000074        70       1  COMMON      1
                text1                          0007D7  00000A  0007E1       FAE       0  CODE        2
                text2                          0007E1  00000E  0007EF       FC2       0  CODE        2
                maintext                       0007EF  00000F  0007FE       FDE       0  CODE        2
                cinit                          0007FE  000002  000800       FFC       0  CODE        2


UNUSED ADDRESS RANGES

        Name                Unused          Largest block    Delta
        BANK0            0020-006F             50           1
        BANK1            00A0-00EF             50           1
        BANK2            0120-014F             30           1
        CODE             0001-07D6            7D6           2
        COMMON           0074-007D              A           1
        CONFIG           2007-2007              1           2
        CONST            0001-07D6            100           2
        EEDATA           2100-217F             80           2
        ENTRY            0001-07D6            100           2
        IDLOC            2000-2003              4           2
        RAM              0020-006F             50           1
                         00A0-00EF             50
                         0120-014F             30
        SFR0             0000-001F             20           1
        SFR1             0080-009F             20           1
        SFR2             0100-011F             20           1
        SFR3             0180-01EF             70           1
        STACK            0020-006F             50           1
        STRCODE          0001-07D6            7D6           2
        STRING           0001-07D6            100           2

                                  Symbol Table

_CCP1CONbits             (abs)        0017
_CMCONbits               (abs)        001F
_INTCONbits              (abs)        000B
_OPTION_REGbits          (abs)        0081
_PORTA                   (abs)        0005
_PORTB                   (abs)        0006
_T1CONbits               (abs)        0010
_T2CONbits               (abs)        0012
_TRISA                   (abs)        0085
_TRISB                   (abs)        0086
_VRCONbits               (abs)        009F
__Habs1                  abs1         0000
__Hbank0                 bank0        0000
__Hbank1                 bank1        0000
__Hbank2                 bank2        0000
__Hbank3                 bank3        0000
__Hcinit                 cinit        0800
__Hclrtext               clrtext      0000
__Hcode                  code         0000
__Hcommon                common       0000
__Hconfig                config       0000
__HcstackCOMMON          cstackCOMMON 0000
__Heeprom_data           eeprom_data  0000
__Hend_init              end_init     0001
__Hfunctab               functab      0000
__Hidloc                 idloc        0000
__Hinit                  init         0000
__Hintentry              intentry     0000
__Hmaintext              maintext     0000
__Hpowerup               powerup      0000
__Hram                   ram          0000
__Hreset_vec             reset_vec    0000
__Hsfr0                  sfr0         0000
__Hsfr1                  sfr1         0000
__Hsfr2                  sfr2         0000
__Hsfr3                  sfr3         0000
__Hspace_0               (abs)        0800
__Hspace_1               (abs)        0074
__Hspace_2               (abs)        0000
__Hspace_3               (abs)        0000
__Hstack                 stack        0000
__Hstrings               strings      0000
__Htext                  text         0000
__Labs1                  abs1         0000
__Lbank0                 bank0        0000
__Lbank1                 bank1        0000
__Lbank2                 bank2        0000
__Lbank3                 bank3        0000
__Lcinit                 cinit        07FE
__Lclrtext               clrtext      0000
__Lcode                  code         0000
__Lcommon                common       0000
__Lconfig                config       0000
__LcstackCOMMON          cstackCOMMON 0000
__Leeprom_data           eeprom_data  0000
__Lend_init              end_init     0000
__Lfunctab               functab      0000
__Lidloc                 idloc        0000
__Linit                  init         0000
__Lintentry              intentry     0000
__Lmaintext              maintext     0000
__Lpowerup               powerup      0000
__Lram                   ram          0000
__Lreset_vec             reset_vec    0000
__Lsfr0                  sfr0         0000
__Lsfr1                  sfr1         0000
__Lsfr2                  sfr2         0000
__Lsfr3                  sfr3         0000
__Lspace_0               (abs)        0000
__Lspace_1               (abs)        0000
__Lspace_2               (abs)        0000
__Lspace_3               (abs)        0000
__Lstack                 stack        0000
__Lstrings               strings      0000
__Ltext                  text         0000
__S0                     (abs)        0800
__S1                     (abs)        0074
__S2                     (abs)        0000
__S3                     (abs)        0000
___int_sp                stack        0000
___latbits               (abs)        0000
___sp                    stack        0000
___stackhi               (abs)        0000
___stacklo               (abs)        0000
__end_of__initialization cinit        07FE
__end_of_main            maintext     07FE
__end_of_porta_A_config  text2        07EF
__end_of_porta_B_config  text1        07E1
__initialization         cinit        07FE
__pcstackCOMMON          cstackCOMMON 0070
__pmaintext              maintext     07EF
__ptext1                 text1        07D7
__ptext2                 text2        07E1
__size_of_main           (abs)        0000
__size_of_porta_A_config (abs)        0000
__size_of_porta_B_config (abs)        0000
_main                    maintext     07EF
_porta_A_config          text2        07E1
_porta_B_config          text1        07D7
btemp                    (abs)        007E
end_of_initialization    cinit        07FE
intlevel0                functab      0000
intlevel1                functab      0000
intlevel2                functab      0000
intlevel3                functab      0000
intlevel4                functab      0000
intlevel5                functab      0000
porta_A_config@port      cstackCOMMON 0072
porta_A_config@tris      cstackCOMMON 0070
porta_B_config@port      cstackCOMMON 0072
porta_B_config@tris      cstackCOMMON 0070
reset_vec                reset_vec    0000
start                    init         0000
start_initialization     cinit        07FE
wtemp0                   (abs)        007E


FUNCTION INFORMATION:

 *************** function _main *****************
 Defined at:
		line 14 in file "main.c"
 Parameters:    Size  Location     Type
		None
 Auto vars:     Size  Location     Type
		None
 Return value:  Size  Location     Type
                  1    wreg      void 
 Registers used:
		wreg, status,2, status,0, pclath, cstack
 Tracked objects:
		On entry : 
		On exit  : 
		Unchanged: 
 Data sizes:     COMMON   BANK0   BANK1   BANK2
      Params:         0       0       0       0
      Locals:         0       0       0       0
      Temps:          0       0       0       0
      Totals:         0       0       0       0
Total ram usage:        0 bytes
 Hardware stack levels required when called:    1
 This function calls:
		_porta_A_config
		_porta_B_config
 This function is called by:
		Startup code after reset
 This function uses a non-reentrant model


 *************** function _porta_B_config *****************
 Defined at:
		line 155 in file "./16F6_27_28_48_A.h"
 Parameters:    Size  Location     Type
  tris            2    0[COMMON] int 
  port            2    2[COMMON] int 
 Auto vars:     Size  Location     Type
		None
 Return value:  Size  Location     Type
                  1    wreg      void 
 Registers used:
		wreg
 Tracked objects:
		On entry : 
		On exit  : 
		Unchanged: 
 Data sizes:     COMMON   BANK0   BANK1   BANK2
      Params:         4       0       0       0
      Locals:         0       0       0       0
      Temps:          0       0       0       0
      Totals:         4       0       0       0
Total ram usage:        4 bytes
 Hardware stack levels used:    1
 This function calls:
		Nothing
 This function is called by:
		_main
 This function uses a non-reentrant model


 *************** function _porta_A_config *****************
 Defined at:
		line 146 in file "./16F6_27_28_48_A.h"
 Parameters:    Size  Location     Type
  tris            2    0[COMMON] int 
  port            2    2[COMMON] int 
 Auto vars:     Size  Location     Type
		None
 Return value:  Size  Location     Type
                  1    wreg      void 
 Registers used:
		wreg, status,2, status,0
 Tracked objects:
		On entry : 
		On exit  : 
		Unchanged: 
 Data sizes:     COMMON   BANK0   BANK1   BANK2
      Params:         4       0       0       0
      Locals:         0       0       0       0
      Temps:          0       0       0       0
      Totals:         4       0       0       0
Total ram usage:        4 bytes
 Hardware stack levels used:    1
 This function calls:
		Nothing
 This function is called by:
		_main
 This function uses a non-reentrant model



MODULE INFORMATION

Module		Function		Class		Link	Load	Size
./16F6_27_28_48_A.h
		_porta_B_config		CODE           	07D7	0000	11
		_porta_A_config		CODE           	07E1	0000	15

./16F6_27_28_48_A.h estimated size: 26

shared
		__initialization		CODE           	07FE	0000	1

shared estimated size: 1

main.c
		_main          		CODE           	07EF	0000	16

main.c estimated size: 16

